[渲染] 目標 185 家，已渲染 0 家，這次跑 185 家
    1/185 設計師的家休閒民宿          有價格文字
    2/185 三好行旅               no_price_text
    3/185 放慢民宿               有價格文字
    4/185 華帥海景飯店             no_price_text
    5/185 楓采行館               有價格文字
    6/185 南元休閒農場湖上渡假村        no_price_text
    7/185 山林渡假會館             no_price_text
    8/185 華蔓渡假會館             no_price_text
    9/185 埔里夏都渡假會館           no_price_text
   10/185 幸福客棧               no_price_text
   11/185 陽明山天籟渡假酒店          有價格文字
   12/185 五船民宿               有價格文字
   13/185 福容大飯店 麗寶樂園         有價格文字
   14/185 夏之禾民宿              no_price_text
   15/185 皇冠商務汽車旅館           no_price_text
   16/185 旅人驛站日暮微旅           no_price_text
   17/185 寶島窯民宿              有價格文字
   18/185 薆悅酒店               有價格文字
   19/185 馥俐旅店               no_price_text
   20/185 LA VIDA HOTEL 逢甲商旅 no_price_text
   21/185 工業風親子民宿            no_price_text
   22/185 長灘運動休閒飯店           no_price_text
   23/185 236寓所民宿            no_price_text
   24/185 暐順和選旅              no_price_text
   25/185 千和居                有價格文字
   26/185 浯江大飯店              no_price_text
   27/185 魚窩Ｂ＆Ｂ              有價格文字
   28/185 瑞恒行館民宿             no_price_text
   29/185 湛湛里煙               有價格文字
   30/185 萊茵商旅               no_price_text
   31/185 蘭庭民宿               有價格文字
   32/185 中科大飯店              no_price_text
   33/185 阿嬌ㄟ岫               no_price_text
   34/185 二八樹巷藝術文旅           no_price_text
   35/185 小鹿文娛─劇院酒店          no_price_text
   36/185 檜木居民宿              no_price_text
   37/185 高橋飯店               no_price_text
   38/185 路徒行旅-台南成大館         no_price_text
   39/185 沐夏民宿               no_price_text
   40/185 水舞間                no_price_text
   41/185 路境行旅－花蓮文化館         no_price_text
   42/185 久窩行旅-逢甲館           no_price_text
   43/185 惠來谷關溫泉會館           no_price_text
   44/185 挪威森林頂級汽車旅館         no_price_text
   45/185 富立登國際大飯店           no_price_text
   46/185 跳跳民宿               no_price_text
   47/185 統一的家民宿             no_price_text
   48/185 好好民宿               no_price_text
   49/185 閣樂有限公司             no_price_text
   50/185 陶花巷弄民宿             有價格文字
   51/185 紡織娘浪漫民宿            no_price_text
   52/185 挪威森林精品SPA汽車旅館      no_price_text
   53/185 北國之春和風汽車旅館         no_price_text
   54/185 稻香緣民宿              no_price_text
   55/185 八里坪民宿              no_price_text
   56/185 路境行旅-花蓮大同館         no_price_text
   57/185 民宿記                no_price_text
   58/185 碧山廬禪的民宿            no_price_text
   59/185 德爾芙快捷酒店            有價格文字
   60/185 福澳窩背包客民宿           no_price_text
   61/185 煙波花時間  花蓮          有價格文字
   62/185 煙波花時間　宜蘭傳藝         no_price_text
   63/185 新竹福華大飯店            no_price_text
   64/185 赫絲珀HSR高鐵行旅         no_price_text
   65/185 悠嫻民宿               no_price_text
   66/185 雀客嗨夫               no_price_text
   67/185 典藏花都民宿             no_price_text
   68/185 露予莊園民宿             no_price_text
   69/185 依山棲                有價格文字
   70/185 新京站民宿              no_price_text
   71/185 荷米輕別館              no_price_text
   72/185 風海山會館              有價格文字
   73/185 悅華大酒店              有價格文字
   74/185 擁月星宿民宿             有價格文字
   75/185 安泊民宿               no_price_text
   76/185 路徒行旅-偵探寓所          no_price_text
   77/185 135會館              no_price_text
   78/185 山月２２Ｖｉｌｌａ別墅民宿      no_price_text
   79/185 沐光小院               no_price_text
   80/185 挪威森林森森休閒旅館         no_price_text
   81/185 鹹菜巷8號              no_price_text
   82/185 悅來民宿               no_price_text
   83/185 雀客藏居花蓮林森           no_price_text
   84/185 童玩樂親子旅宿            no_price_text
   85/185 天成逸旅               no_price_text
   86/185 波波的家               有價格文字
   87/185 台中福華大飯店            no_price_text
   88/185 旅巷自在輕旅             有價格文字
   89/185 煙波大飯店花蓮太魯閣沁海館      有價格文字
   90/185 躲貓貓民宿              有價格文字
   91/185 燦路都飯店              no_price_text
   92/185 挪威森林文創休閒旅館         no_price_text
   93/185 同居                 no_price_text
   94/185 雀客藏居 台南永康          有價格文字
   95/185 悅樂旅店               有價格文字
   96/185 旅人驛站米豆文旅           no_price_text
   97/185 瓏山林台北中和飯店          no_price_text
   98/185 頭等艙飯店綠園道館          no_price_text
   99/185 快樂小築               no_price_text
  100/185 荷米輕新館              no_price_text
  101/185 天安居民宿              no_price_text
  102/185 鈴之宇民宿              no_price_text
  103/185 小米那裡民宿             no_price_text
  104/185 杰克山莊大飯店            有價格文字
  105/185 23Here民宿           no_price_text
  106/185 瑞穗天合國際觀光酒店         有價格文字
  107/185 想窩11旅館             no_price_text
  108/185 凱撒大飯店              有價格文字
  109/185 荷米輕洋樓              no_price_text
  110/185 比歐緻居               no_price_text
  111/185 洛津做夢               no_price_text
  112/185 雀客童媽吉親子旅館          no_price_text
  113/185 花蓮S.E.A.民宿         no_price_text
  114/185 路境行旅-台南西門館         no_price_text
  115/185 煙波大飯店花蓮館           no_price_text
  116/185 童玩樂親子旅宿2館          有價格文字
  117/185 康橋商旅員林館            no_price_text
  118/185 單人房 SINGLE INN-站前館 有價格文字
  119/185 雀客旅館新北蘆洲           no_price_text
  120/185 煙波大飯店蘇澳館           no_price_text
  121/185 東美佇所民宿             no_price_text
  122/185 墾丁夏都沙灘酒店           有價格文字
  123/185 Villa Samaya Awan  有價格文字
  124/185 臺邦商旅               no_price_text
  125/185 達斯旅店               no_price_text
  126/185 由扉寓所               no_price_text
  127/185 Inn巷文創旅店           no_price_text
  128/185 余舍行旅               no_price_text
  129/185 長榮桂冠酒店(基隆)         no_price_text
  130/185 河堤墾丁渡假酒店           有價格文字
  131/185 中科后豐會館             no_price_text
  132/185 悅樂旅店               有價格文字
  133/185 上禾居                有價格文字
  134/185 柯達大飯店台北松江          no_price_text
  135/185 嘉億時尚大飯店            no_price_text
  136/185 雀客藏居新北三重水漾         no_price_text
  137/185 煙波大飯店花蓮太魯閣山闊館      no_price_text
  138/185 蔚藍海岸休閒SPA汽車旅館      no_price_text
  139/185 T&C 民宿             no_price_text
  140/185 Villa Samaya Awan  有價格文字
  141/185 山形閣                no_price_text
  142/185 墾丁沐林會館             no_price_text
  143/185 遇見，白居旅宿            有價格文字
  144/185 集光悠宅               no_price_text
  145/185 悅豪大飯店              no_price_text
  146/185 台南老爺行旅             有價格文字
  147/185 臺中公園智選假日飯店         no_price_text
  148/185 花蓮統茂渡假莊園           有價格文字
  149/185 大湖一品苑              no_price_text
  150/185 風尚會館               no_price_text
  151/185 路徒行旅-東大館           no_price_text
  152/185 魚雅築渡假民宿            no_price_text
  153/185 高雄福華大飯店            有價格文字
  154/185 壹貳貳洋樓              no_price_text
  155/185 禾家商旅               有價格文字
  156/185 二十輪旅店              no_price_text
  157/185 幸福肥屋民宿             no_price_text
  158/185 夏綠地民宿              有價格文字
  159/185 煙波大飯店宜蘭館           no_price_text
  160/185 勝華大飯店              no_price_text
  161/185 雅薇精品休閒旅館-凱御旅店      no_price_text
  162/185 馥格堡酒店              no_price_text
  163/185 一起一起旅店-花蓮中山館       no_price_text
  164/185 淡水嶘民宿              有價格文字
  165/185 旅人驛站鐵道館            no_price_text
  166/185 百麗旅店               no_price_text
  167/185 可倫巴                有價格文字
  168/185 天工享棧SUPER INN主題民宿  no_price_text
  169/185 花彤林民宿              no_price_text
  170/185 安蘭居國際青年館           no_price_text
  171/185 北都大飯店              no_price_text
  172/185 布查德渡假村民宿           有價格文字
  173/185 湯野精品旅館（民雄館）        no_price_text
  174/185 米力行旅台中火車站館         no_price_text
  175/185 啓瓦居會館              no_price_text
  176/185 和逸 台南西門館           有價格文字
  177/185 綠宿行旅               no_price_text
  178/185 卡爾登飯店              no_price_text
  179/185 挪威森林行旅3號館          no_price_text
  180/185 櫻花嶺渡假山莊            no_price_text
  181/185 夢想森林親子民宿           no_price_text
  182/185 友愛山序漫旅             有價格文字
  183/185 和逸‧高雄中山館           有價格文字
  184/185 挪威森林漫活休閒旅館         no_price_text
  185/185 日光山林               有價格文字

[渲染] {'ok': 49, 'no_price_text': 136, 'fail': 0, 'robots': 0}
