[平台報價] 入住日 2026-09-01（週二）／退房 2026-09-02
[平台報價] 待查 141 家（依 Google 評論數排序，先查最多人看的），已快取 581 家
    1/141 元氣滿屋民宿             1999
    2/141 茶田關舍貳館             3799
    3/141 稻浪九五八民宿            no_match
    4/141 YOHO輕旅民宿           no_match
    5/141 T&C 民宿             no_price
    6/141 慢慢相遇民宿             9924
    7/141 克洛德-Cloud民宿        no_match
    8/141 遇見，白居旅宿            no_match
    9/141 比薩斜塔民宿             7205
   10/141 迦那會館               1205
   11/141 尚荷田院民宿             no_match
   12/141 66号小院子             no_price
   13/141 李寓恆春的家民宿           no_match
   14/141 躲貓貓民宿              1599
   15/141 山邊52民宿             no_price
   16/141 艾麗絲泉民宿-天送埤別館       6998
   17/141 阿嬌ㄟ岫               no_match
   18/141 LOVE米會館民宿          1680
   19/141 耘居villa            no_match
   20/141 九乘九民宿              1400
   21/141 日光山林               no_price
   22/141 言午次方民宿             no_match
   23/141 洛津做夢               5780
   24/141 Villa Samaya Awan  no_match
   25/141 Villa Samaya Awan  no_match
   26/141 山月２２Ｖｉｌｌａ別墅民宿      no_match
   27/141 綠堤民宿               no_price
   28/141 甌璇Ocean民宿          no_match
   29/141 金玉閣                1413
   30/141 快樂小築               no_price
   31/141 湘河                 no_price
   32/141 巧居                 no_match
   33/141 漫居                 no_match
   34/141 河畔暮光               no_price
   35/141 潤民宿                2518
   36/141 四季民宿               no_match
   37/141 月兒田                2099
   38/141 漾品屋民宿              no_price
   39/141 點點民宿               3000
   40/141 府前紅樓               no_price
   41/141 漫漫浯島旅棧             2926
   42/141 享居                 no_match
   43/141 食宿玩家民宿             1082
   44/141 三餐四季民宿             no_price
   45/141 五分醒                no_price
   46/141 市中心民宿              1200
   47/141 君樂民宿               no_match
   48/141 秋約民宿               no_match
   49/141 睿凡的家民宿             no_price
   50/141 嶼民宿                no_match
   51/141 夏約民宿               no_match
   52/141 光隅民宿               2380
   53/141 穗美人民宿              1600
   54/141 歸來民宿               no_price
   55/141 一府民宿               1980
   56/141 星夜神農               1395
   57/141 236寓所民宿            1400
   58/141 邱比特民宿              2032
   59/141 夏之禾民宿              no_price
   60/141 達布旅                3978
   61/141 八里坪民宿              30132
   62/141 百香果民宿              1300
   63/141 尚好居                no_match
   64/141 小鹿文娛─劇院酒店          no_match
   65/141 森活會館               no_match
   66/141 想來就來               no_price
   67/141 依山棲                no_price
   68/141 金品旅店               1880
   69/141 牛奶糖民宿              no_price
   70/141 金門老爺山莊             no_match
   71/141 湖下海景渡假民宿           no_match
   72/141 菊逸居民宿              2400
   73/141 小木旅宿民宿             1217
   74/141 YOUNG民宿            no_price
   75/141 寶寶民宿               2170
   76/141 棒棒糖民宿              3200
   77/141 拾號行旅               1749
   78/141 伯爵民宿               no_price
   79/141 閒雲小居會館             820
   80/141 玉榮府                no_price
   81/141 海寓所民宿              17035
   82/141 高橋飯店               no_match
   83/141 六宿樲館               6300
   84/141 水管民宿               no_price
   85/141 朋友家民宿              no_price
   86/141 杉嶼民宿               no_price
   87/141 大湖一品苑              2477
   88/141 木木杉民宿              2900
   89/141 大魚漫步旅店             no_match
   90/141 日月戀海民宿             no_price
   91/141 緩寓                 no_match
   92/141 晴旅府中館              873
   93/141 37彎民宿              no_price
   94/141 墾丁恆美111旅宿          no_price
   95/141 近山左民宿              7700
   96/141 近山右民宿              no_match
   97/141 海顏民宿               no_price
   98/141 裏島                 1105
   99/141 放慢民宿               no_price
  100/141 南科驛站               1579
  101/141 悄悄話旅宿              no_price
  102/141 牧光。角落民宿            no_match
  103/141 睏齁霸民宿              no_match
  104/141 橙木隱園民宿             806
  105/141 石泉拾美民宿             no_match
  106/141 馨苑輕旅               1625
  107/141 民宿記                2389
  108/141 莒光英雄館民宿            17993
  109/141 甜姐兒民宿              no_match
  110/141 好事學田民宿             no_match
  111/141 輕旅行                no_match
  112/141 捌之捌民宿              5962
  113/141 沐光小院               no_price
  114/141 宅山里                no_price
  115/141 米隅民宿               no_price
  116/141 沁澐森林莊園             no_price
  117/141 天方夜譚民宿             1780
  118/141 達美樂民宿              no_match
  119/141 八八古藝8館民宿           no_price
  120/141 蓮園民宿               no_match
  121/141 Ｍｅｒｌｉｎ２０           no_price
  122/141 森朵文旅               no_match
  123/141 晶園民宿               no_price
  124/141 安泊民宿               no_match
  125/141 汸宸潤音拾光             no_match
  126/141 新艾米渡假會館            no_price
  127/141 曉園輕旅               no_match
  128/141 津沙小筑               no_price
  129/141 台北板橋馥華艾美酒店         no_match
  130/141 旅人驛站日暮微旅           no_match
  131/141 品閣美食咖啡民宿           no_match
  132/141 來雲庵民宿              no_match
  133/141 木村民宿               no_price
  134/141 御爵渡假山莊             2800
  135/141 柏竺山莊               no_match
  136/141 滿滿BNB民宿            no_match
  137/141 檜之園民宿              no_price
  138/141 法托里亞民宿             no_price
  139/141 澳漫民宿               no_match
  140/141 馥格堡酒店              no_match
  141/141 故鄉民宿(特色民宿)         no_match

[平台報價] {'price': 48, 'no_match': 51, 'no_price': 42, 'error': 0}
[平台報價] 這輪用掉約 141 次額度
