[平台報價] 入住日 2026-09-01（週二）／退房 2026-09-02
[平台報價] 待查 196 家（依 Google 評論數排序，先查最多人看的），已快取 49 家
    1/196 旅人驛站米豆文旅           no_match
    2/196 米力行旅台中火車站館         no_match
    3/196 台北漢來大飯店            7671
    4/196 薆悅酒店               1310
    5/196 維悅酒店               1901
    6/196 福容大飯店   桃園         no_match
    7/196 達斯旅店               1085
    8/196 臺邦商旅               3047
    9/196 路境行旅-花蓮大同館         1390
   10/196 臺中公園智選假日飯店         no_match
   11/196 湧福驛站               1272
   12/196 川岸空中Ｖｉｌｌａ          2311
   13/196 綠宿行旅               2000
   14/196 福容大飯店 桃園機場捷運 A8    3451
   15/196 南元休閒農場湖上渡假村        no_price
   16/196 頭等艙飯店綠園道館          no_match
   17/196 揚昇山莊               no_price
   18/196 北都大飯店              1889
   19/196 花蓮假期飯店             no_price
   20/196 熊旅溫泉飯店             1772
   21/196 LA VIDA HOTEL 逢甲商旅 1023
   22/196 兆舍行旅               605
   23/196 TC 慢旅花蓮館           2469
   24/196 花蓮統茂渡假莊園           1750
   25/196 富王大飯店              1649
   26/196 挪威森林文創休閒旅館         1686
   27/196 三好行旅               2015
   28/196 山林渡假會館             2525
   29/196 華蔓渡假會館             2525
   30/196 埔里夏都渡假會館           2926
   31/196 天成逸旅               6468
   32/196 新驛旅店復興北路店          3268
   33/196 長灘運動休閒飯店           2868
   34/196 雀客藏居 台南永康          1978
