[平台報價] 入住日 2026-09-01（週二）／退房 2026-09-02
[平台報價] 待查 245 家（依 Google 評論數排序，先查最多人看的），已快取 9 家
    1/245 南方莊園渡假飯店           4087
    2/245 太子行旅               no_match
    3/245 高雄福華大飯店            2727
    4/245 梨山賓館               3760
    5/245 台南老爺行旅             2708
    6/245 中科大飯店              1547
    7/245 凱撒大飯店              4350
    8/245 長榮桂冠酒店(基隆)         3047
    9/245 福容大飯店  花蓮          3023
   10/245 清新溫泉飯店             no_match
   11/245 福容大飯店 福隆貝悅         no_match
   12/245 福容大飯店 福隆           5684
   13/245 美侖大飯店              3460
   14/245 福容大飯店 高雄           2295
   15/245 台中福華大飯店            3103
   16/245 墾丁夏都沙灘酒店           3586
   17/245 想窩11旅館             2888
   18/245 福容大飯店 台北二館         2041
   19/245 煙波大飯店花蓮太魯閣沁海館      3055
   20/245 陽明山天籟渡假酒店          4935
   21/245 山形閣                5544
   22/245 清境農場國民賓館           no_price
   23/245 夏都城旅安平館            1694
   24/245 將捷金鬱金香酒店           3777
   25/245 旅人驛站鐵道館            1464
