[平台報價] 入住日 2026-09-01（週二）／退房 2026-09-02
[平台報價] 待查 240 家（依 Google 評論數排序，先查最多人看的），已快取 341 家
    1/240 藍海之丘民宿             1666
    2/240 雲那裡民宿              2998
    3/240 盤古拉渡假花園民宿          3240
    4/240 壹貳貳洋樓              1552
    5/240 有水巷渡假民宿            no_price
    6/240 甘丹民宿               1984
    7/240 沙戀民宿               2500
    8/240 旅浪民宿               2500
    9/240 夏綠地民宿              1979
   10/240 水頭人家               2798
   11/240 苓旅旅館萬年館            no_match
   12/240 池上五一五九懷舊民宿         1799
   13/240 心適都蘭民宿             2649
   14/240 輕塵別院               4015
   15/240 溪頭有晴天民宿            4417
   16/240 啾來玩民宿              no_price
   17/240 德旅店民宿              2260
   18/240 墾丁光現特色民宿           3046
   19/240 米卡洛民宿              2124
   20/240 河岸好日子              18000
   21/240 巷往                 no_match
   22/240 擁月星宿民宿             2924
   23/240 大魚的家民宿(特色民宿)       no_match
   24/240 故鄉民宿二館             no_price
   25/240 阿里巴巴運動休閒民宿         no_match
   26/240 長鴻精品旅館             1480
   27/240 二十五度日光民宿           no_match
   28/240 小管家管家民宿            2149
   29/240 棒棒積木飯店（親子館）        2000
   30/240 周家渡假旅館             1299
   31/240 光華民宿               no_match
   32/240 添福商務旅館             no_price
   33/240 華宿彰濱快捷商旅           1600
   34/240 邊界。花東民宿            2998
   35/240 新南一二文創商行           no_match
   36/240 幸福８號民宿             10000
   37/240 南苗大旅社              no_match
   38/240 香榭雅居民宿             1765
   39/240 台南過小路              2800
   40/240 快樂腳休閒屋             3998
   41/240 看山民宿               2199
   42/240 夏苑旅宿               no_price
   43/240 夏樂民宿               no_price
   44/240 山仔腳民宿              2170
   45/240 典藏花都民宿             no_price
   46/240 沐夏民宿               no_price
   47/240 紡織娘浪漫民宿            no_match
   48/240 蒔花澄旅               no_price
   49/240 濱灣文旅民宿             1794
   50/240 玹玹映月民宿             1810
   51/240 Ｆ１民宿               3000
   52/240 新羽旅舘               no_match
   53/240 十街民宿               960
   54/240 博客來民宿              2331
   55/240 蘋果的家渡假別墅民宿         1898
   56/240 可倫巴                2200
   57/240 57Villa            no_price
   58/240 德旺商旅               no_price
   59/240 纏民宿                no_price
   60/240 冬之戀行館              no_price
   61/240 緣羊軒民宿              no_price
   62/240 花彤林民宿              8000
   63/240 荷米輕新館              1975
   64/240 雋格大飯店              998
   65/240 旅采民宿               2520
   66/240 八八古藝二館民宿           1530
   67/240 童心童趣民宿             1928
   68/240 南岸山．綺              10200
   69/240 Inn巷文創旅店           2135
   70/240 福棧                 1436
   71/240 九號和和民宿             15591
   72/240 小貓兩3隻民宿            no_match
   73/240 稻香田園民宿             no_match
   74/240 橘色                 no_match
   75/240 蘑菇30民宿             no_match
   76/240 晶澤別館               1397
   77/240 星宿渡假別墅             2298
   78/240 悠嫻民宿               1864
   79/240 露予莊園民宿             no_price
   80/240 天工享棧SUPER INN主題民宿  8565
   81/240 芷築民宿               1800
   82/240 望際回家               2678
   83/240 啓瓦居會館              no_match
   84/240 羅東丹妮亞庭園民宿          7199
   85/240 好好民宿               16030
   86/240 巷弄里歐民宿             1656
   87/240 薩圖恩文旅              811
   88/240 白沙35民宿             1932
   89/240 海角203民宿(特色民宿)      1844
   90/240 東皋歇暝               1798
   91/240 三石山小棧              no_price
   92/240 愛上瑪黛民宿             no_price
   93/240 吾宅溜滑梯親子民宿          2856
   94/240 屋光拾舍民宿             4856
   95/240 海灣Villa會館          1412
   96/240 皇凱賓館               487
   97/240 金洙椏休閒民宿            1979
   98/240 工業風親子民宿            no_match
   99/240 集光悠宅               no_match
  100/240 繽紛民宿               no_match
  101/240 圓山大飯店              2869
  102/240 荷米輕別館              1975
  103/240 好咖民宿               no_match
  104/240 福澳窩背包客民宿           no_match
  105/240 23Here民宿           2528
  106/240 水連天海景電梯民宿          3835
  107/240 海漣天海岸民宿(特色民宿)      no_match
  108/240 小敏民宿               1150
  109/240 小逗民宿               no_match
  110/240 興海灣運動休閒會館          2200
  111/240 八八觀海古厝民宿           2221
  112/240 幸福客棧               1750
  113/240 艸祭會館               2846
  114/240 履舍民宿               1135
  115/240 水連田日式庭院            1935
  116/240 小豆旅宿民宿             943
  117/240 九份山城山海灣民宿          1970
  118/240 九份高媽媽民宿            1140
  119/240 漁海民宿               5495
  120/240 小茉莉民宿              2000
  121/240 新京站民宿              1679
  122/240 夢想家民宿              no_price
  123/240 海韵閣民宿              1314
  124/240 旅行者之家民宿            no_price
  125/240 芹壁地中海民宿            4747
  126/240 漁宅文旅               1938
  127/240 驫風民宿               no_match
  128/240 伯爵農莊民宿             no_price
  129/240 風仙廬香草園民宿           no_price
  130/240 晴光部落民宿             no_price
  131/240 鹹菜巷8號              3380
  132/240 千和居                no_match
  133/240 巧人文旅民宿             2000
  134/240 懷鄉園渡假別墅            no_match
  135/240 薇嬁民宿               2199
  136/240 童伴親子民宿             no_price
  137/240 瑞柒民宿               no_price
  138/240 水舞間                no_price
  139/240 冬山河左岸民宿            2300
  140/240 旅人燈塔民宿             no_price
  141/240 八八金歐二館民宿           no_match
  142/240 筆令莊園民宿             no_match
  143/240 厝旅店                2434
  144/240 津沙文化村              3677
  145/240 后HO民宿              1644
  146/240 美好墾丁旅閣民宿           1699
  147/240 鳥語花香               2598
  148/240 九號碧木嶼              1366
  149/240 霽月山莊民宿             2880
  150/240 和平森旅               1598
  151/240 像個家plus民宿          no_price
  152/240 寬院子（稻禾館）           no_match
  153/240 英倫爵士民宿             no_price
  154/240 七美姑娘旅宿             1442
  155/240 落花鉎民宿              1949
  156/240 四季民宿               no_match
  157/240 歪歪斜斜民宿             no_match
  158/240 觀機文旅民宿             5888
  159/240 花藝雅築民宿             1577
  160/240 鄢室民宿               1700
  161/240 Mr.M都蘭民宿           no_price
  162/240 快樂腳青年民宿            no_match
  163/240 李家出走               no_price
  164/240 休日行旅               1374
  165/240 解語花軒民宿             1999
  166/240 光粼民宿               1930
  167/240 可吉家                1025
  168/240 牛角一邊厝              4654
  169/240 松鶴雅緻商務旅館           1799
  170/240 吳居吾宿               1380
  171/240 巴里巴里民宿             894
  172/240 魚窩Ｂ＆Ｂ              no_match
  173/240 璦勒芬莊園民宿            no_match
  174/240 藍海筑夢城民宿            no_match
  175/240 田心仔民宿              no_match
  176/240 六小孩親子民宿            no_match
  177/240 半天陶坊               2679
  178/240 悅來民宿               no_match
  179/240 東美佇所民宿             3497
  180/240 綠園旅社               no_match
  181/240 楓香白樺莊園民宿           3000
  182/240 恆春奕棧               1179
  183/240 市居民宿               no_price
  184/240 大夫第民宿              2400
  185/240 鹿港宏宇旅宿             2283
  186/240 ＤＯＭＯ               no_price
  187/240 水耘翠Villa會館         no_match
  188/240 海角城堡民宿             3149
  189/240 玩皮城堡民宿             3149
  190/240 三義行館               no_price
  191/240 稻香緣民宿              2308
  192/240 小鳳民宿               no_match
  193/240 蘭心山莊民宿             no_price
  194/240 瑞恒行館民宿             1402
  195/240 神隱之月民宿             4364
  196/240 嵵裡。仙人掌海景民宿         no_price
  197/240 柯林小屋               no_match
  198/240 統一的家民宿             2102
  199/240 六宿                 1246
  200/240 白袍斜老               no_match
  201/240 八八古藝悅禾民宿           no_match
  202/240 暮石民宿               no_price
  203/240 荷比8號電梯民宿           no_price
  204/240 煦樂軒古厝民宿            no_price
  205/240 東北季豐民宿             no_price
  206/240 藍月亮民宿              no_match
  207/240 微笑太陽民宿             2065
  208/240 輕山居                12000
  209/240 有間寓背包旅宿民宿          3330
  210/240 蟬說希臘               1980
  211/240 良辰吉日民宿             15000
  212/240 熊讚民宿               2000
  213/240 有間民宿               1300
  214/240 鳥藝古厝民宿             no_price
  215/240 光域文旅民宿             1865
  216/240 佑佑11號民宿            11000
  217/240 大姆灣民宿              3278
  218/240 綠窗小築民宿             2298
  219/240 小時公館民宿             1544
  220/240 畫宿行旅民宿             no_match
  221/240 城市物語民宿             no_match
  222/240 美夢成真主題民宿           11977
  223/240 有空常來               998
  224/240 微睏旅宿               1199
  225/240 有山有谷民宿             4977
  226/240 心想事成主題民宿           8600
  227/240 吾家城市客棧             no_price
  228/240 愛那思民宿              1099
  229/240 碧山廬禪的民宿            no_price
  230/240 茶山宿民宿              no_match
  231/240 茶山居民宿              no_match
  232/240 三星小北歐699           15800
  233/240 櫻田野民宿              1471
  234/240 東衛參捌民宿             1554
  235/240 經典公仔主題民宿           no_price
  236/240 好山好水民宿             no_price
  237/240 旭海天空民宿             no_price
  238/240 森活藝術民宿             3129
  239/240 木漏民宿               2162
  240/240 旋轉吧小人國親子民宿         3977

[平台報價] {'price': 147, 'no_match': 48, 'no_price': 45, 'error': 0}
[平台報價] 這輪用掉約 240 次額度
