[方案抽價] 缺價且文字含金額的有 78 家，已處理 0 家，這次跑 78 家
    1/78 發呆民宿               1600
    2/78 寶寶民宿               no_price
    3/78 兆舍行旅               no_price
    4/78 香緹時尚大飯店            2380
    5/78 探索汽車旅館南港館          no_price
    6/78 圓山大飯店              4360
    7/78 虎爸羊媽的家             999
    8/78 ＤＯＭＯ               no_price
    9/78 寶島窯民宿              no_price
   10/78 慢慢相遇民宿             no_price
   11/78 山田心民宿              1600
   12/78 成功古巷               1350
   13/78 236寓所民宿            llm_fail
   14/78 言午次方民宿             no_price
   15/78 浯江大飯店              no_price
   16/78 湛湛里煙               no_price
   17/78 阿嬌ㄟ岫               no_price
   18/78 雲泊和旅               1300
   19/78 里萊行旅               no_price
   20/78 Ｍｅｒｌｉｎ２０           no_price
   21/78 東方商務大飯店            llm_fail
   22/78 府前紅樓               no_price
   23/78 水舞間                llm_fail
   24/78 德旅店民宿              2200
   25/78 久窩行旅-逢甲館           no_price
   26/78 跳跳民宿               no_price
   27/78 愛那思民宿              no_price
   28/78 冠倫旅店               1300
   29/78 李寓恆春的家民宿           no_price
   30/78 陶花巷弄民宿             no_price
   31/78 國妃鷹堡汽車旅館仁德館        1580
